
> rest-express@1.0.0 build
> tsx script/build.ts

building client...
vite v7.1.12 building for production...
transforming...
✓ 1066 modules transformed.
✗ Build failed in 552ms
[vite:asset] Could not load /Users/dakshpatil/Downloads/Site-Duplicator/attached_assets/card 1.png (imported by client/src/pages/Home.tsx): ENOENT: no such file or directory, open '/Users/dakshpatil/Downloads/Site-Duplicator/attached_assets/card 1.png'
    at async open (node:internal/fs/promises:641:25)
    at async Object.readFile (node:internal/fs/promises:1279:14)
    at async fileToBuiltUrl (/Users/dakshpatil/Downloads/Site-Duplicator/node_modules/vite/dist/node/chunks/config.js:7526:18)
    at async Object.handler (/Users/dakshpatil/Downloads/Site-Duplicator/node_modules/vite/dist/node/chunks/config.js:7420:17)
    at async PluginDriver.hookFirstAndGetPlugin (/Users/dakshpatil/Downloads/Site-Duplicator/node_modules/rollup/dist/es/shared/node-entry.js:22308:28)
    at async <anonymous> (/Users/dakshpatil/Downloads/Site-Duplicator/node_modules/rollup/dist/es/shared/node-entry.js:21308:33)
    at async Queue.work (/Users/dakshpatil/Downloads/Site-Duplicator/node_modules/rollup/dist/es/shared/node-entry.js:22536:32) {
  errno: -2,
  code: 'PLUGIN_ERROR',
  syscall: 'open',
  path: '/Users/dakshpatil/Downloads/Site-Duplicator/attached_assets/card 1.png',
  pluginCode: 'ENOENT',
  plugin: 'vite:asset',
  hook: 'load',
  watchFiles: [
    '/Users/dakshpatil/Downloads/Site-Duplicator/client/index.html',
    '/Users/dakshpatil/Downloads/Site-Duplicator/client/src/main.tsx',
    '/Users/dakshpatil/Downloads/Site-Duplicator/package.json',
    '/Users/dakshpatil/Downloads/Site-Duplicator/node_modules/react-dom/client.js',
    '/Users/dakshpatil/Downloads/Site-Duplicator/client/src/index.css',
    '/Users/dakshpatil/Downloads/Site-Duplicator/node_modules/tailwindcss/index.css',
    '/Users/dakshpatil/Downloads/Site-Duplicator/node_modules/tw-animate-css/dist/tw-animate.css',
    '/Users/dakshpatil/Downloads/Site-Duplicator/node_modules/react/jsx-runtime.js',
    '/Users/dakshpatil/Downloads/Site-Duplicator/client/src/App.tsx',
    '/Users/dakshpatil/Downloads/Site-Duplicator/client/walkthrough.md.resolved',
    '/Users/dakshpatil/Downloads/Site-Duplicator/client/src/context/ModalContext.tsx',
    '/Users/dakshpatil/Downloads/Site-Duplicator/client/src/components/ui/aspect-ratio.tsx',
    '/Users/dakshpatil/Downloads/Site-Duplicator/client/src/components/ui/alert-dialog.tsx',
    '/Users/dakshpatil/Downloads/Site-Duplicator/client/src/components/ui/pagination.tsx',
    '/Users/dakshpatil/Downloads/Site-Duplicator/client/src/components/ui/tabs.tsx',
    '/Users/dakshpatil/Downloads/Site-Duplicator/client/src/components/ui/button-group.tsx',
    '/Users/dakshpatil/Downloads/Site-Duplicator/client/src/components/ui/card.tsx',
    '/Users/dakshpatil/Downloads/Site-Duplicator/client/src/components/ui/slider.tsx',
    '/Users/dakshpatil/Downloads/Site-Duplicator/client/src/components/ui/input-group.tsx',
    '/Users/dakshpatil/Downloads/Site-Duplicator/client/src/components/ui/popover.tsx',
    '/Users/dakshpatil/Downloads/Site-Duplicator/client/src/components/ui/progress.tsx',
    '/Users/dakshpatil/Downloads/Site-Duplicator/client/src/components/ui/Aurora.css',
    '/Users/dakshpatil/Downloads/Site-Duplicator/client/src/components/ui/toaster.tsx',
    '/Users/dakshpatil/Downloads/Site-Duplicator/client/src/components/ui/input-otp.tsx',
    '/Users/dakshpatil/Downloads/Site-Duplicator/client/src/components/ui/chart.tsx',
    '/Users/dakshpatil/Downloads/Site-Duplicator/client/src/components/ui/hover-card.tsx',
    '/Users/dakshpatil/Downloads/Site-Duplicator/client/src/components/ui/sheet.tsx',
    '/Users/dakshpatil/Downloads/Site-Duplicator/client/src/components/ui/field.tsx',
    '/Users/dakshpatil/Downloads/Site-Duplicator/client/src/components/ui/Aurora.tsx',
    '/Users/dakshpatil/Downloads/Site-Duplicator/client/src/components/ui/scroll-area.tsx',
    '/Users/dakshpatil/Downloads/Site-Duplicator/client/src/components/ui/resizable.tsx',
    '/Users/dakshpatil/Downloads/Site-Duplicator/client/src/components/ui/label.tsx',
    '/Users/dakshpatil/Downloads/Site-Duplicator/client/src/components/ui/sonner.tsx',
    '/Users/dakshpatil/Downloads/Site-Duplicator/client/src/components/ui/navigation-menu.tsx',
    '/Users/dakshpatil/Downloads/Site-Duplicator/client/src/components/ui/accordion.tsx',
    '/Users/dakshpatil/Downloads/Site-Duplicator/client/src/components/ui/drawer.tsx',
    '/Users/dakshpatil/Downloads/Site-Duplicator/client/src/components/ui/empty.tsx',
    '/Users/dakshpatil/Downloads/Site-Duplicator/client/src/components/ui/ScrollCurve.tsx',
    '/Users/dakshpatil/Downloads/Site-Duplicator/client/src/components/ui/tooltip.tsx',
    '/Users/dakshpatil/Downloads/Site-Duplicator/client/src/components/ui/alert.tsx',
    '/Users/dakshpatil/Downloads/Site-Duplicator/client/src/components/ui/switch.tsx',
    '/Users/dakshpatil/Downloads/Site-Duplicator/client/src/components/ui/calendar.tsx',
    '/Users/dakshpatil/Downloads/Site-Duplicator/client/src/components/ui/breadcrumb.tsx',
    '/Users/dakshpatil/Downloads/Site-Duplicator/client/src/components/ui/radio-group.tsx',
    '/Users/dakshpatil/Downloads/Site-Duplicator/client/src/components/ui/command.tsx',
    '/Users/dakshpatil/Downloads/Site-Duplicator/client/src/components/ui/item.tsx',
    '/Users/dakshpatil/Downloads/Site-Duplicator/client/src/components/ui/toggle-group.tsx',
    '/Users/dakshpatil/Downloads/Site-Duplicator/client/src/components/ui/avatar.tsx',
    '/Users/dakshpatil/Downloads/Site-Duplicator/client/src/components/ui/menubar.tsx',
    '/Users/dakshpatil/Downloads/Site-Duplicator/client/src/components/ui/kbd.tsx',
    '/Users/dakshpatil/Downloads/Site-Duplicator/client/src/components/ui/dialog.tsx',
    '/Users/dakshpatil/Downloads/Site-Duplicator/client/src/components/ui/badge.tsx',
    '/Users/dakshpatil/Downloads/Site-Duplicator/client/src/components/ui/sidebar.tsx',
    '/Users/dakshpatil/Downloads/Site-Duplicator/client/src/components/ui/table.tsx',
    '/Users/dakshpatil/Downloads/Site-Duplicator/client/src/components/ui/separator.tsx',
    '/Users/dakshpatil/Downloads/Site-Duplicator/client/src/components/ui/button.tsx',
    '/Users/dakshpatil/Downloads/Site-Duplicator/client/src/components/ui/toggle.tsx',
    '/Users/dakshpatil/Downloads/Site-Duplicator/client/src/components/ui/toast.tsx',
    '/Users/dakshpatil/Downloads/Site-Duplicator/client/src/components/ui/checkbox.tsx',
    '/Users/dakshpatil/Downloads/Site-Duplicator/client/src/components/ui/spinner.tsx',
    '/Users/dakshpatil/Downloads/Site-Duplicator/client/src/components/ui/collapsible.tsx',
    '/Users/dakshpatil/Downloads/Site-Duplicator/client/src/components/ui/dropdown-menu.tsx',
    '/Users/dakshpatil/Downloads/Site-Duplicator/client/src/components/ui/select.tsx',
    '/Users/dakshpatil/Downloads/Site-Duplicator/client/src/components/ui/textarea.tsx',
    '/Users/dakshpatil/Downloads/Site-Duplicator/client/src/components/ui/input.tsx',
    '/Users/dakshpatil/Downloads/Site-Duplicator/client/src/components/ui/skeleton.tsx',
    '/Users/dakshpatil/Downloads/Site-Duplicator/client/src/components/ui/context-menu.tsx',
    '/Users/dakshpatil/Downloads/Site-Duplicator/client/src/components/ui/form.tsx',
    '/Users/dakshpatil/Downloads/Site-Duplicator/client/src/components/ui/carousel.tsx',
    '/Users/dakshpatil/Downloads/Site-Duplicator/client/src/components/sections/Hero.tsx',
    '/Users/dakshpatil/Downloads/Site-Duplicator/client/src/components/sections/Pricing.tsx',
    '/Users/dakshpatil/Downloads/Site-Duplicator/client/src/components/sections/Features.tsx',
    '/Users/dakshpatil/Downloads/Site-Duplicator/client/src/components/layout/Navbar.tsx',
    '/Users/dakshpatil/Downloads/Site-Duplicator/client/src/components/layout/Footer.tsx',
    '/Users/dakshpatil/Downloads/Site-Duplicator/client/src/components/modals/AudioModal.tsx',
    '/Users/dakshpatil/Downloads/Site-Duplicator/client/src/components/modals/WaitlistModal.tsx',
    '/Users/dakshpatil/Downloads/Site-Duplicator/client/src/components/SmoothScroll.tsx',
    '/Users/dakshpatil/Downloads/Site-Duplicator/client/src/hooks/use-mobile.tsx',
    '/Users/dakshpatil/Downloads/Site-Duplicator/client/src/hooks/use-toast.ts',
    '/Users/dakshpatil/Downloads/Site-Duplicator/client/src/lib/utils.ts',
    '/Users/dakshpatil/Downloads/Site-Duplicator/client/src/lib/queryClient.ts',
    '/Users/dakshpatil/Downloads/Site-Duplicator/client/src/pages/Home.tsx',
    '/Users/dakshpatil/Downloads/Site-Duplicator/client/src/pages/not-found.tsx',
    '*',
    'src/**/*.{aspx,astro,cjs,css,cts,eex,erb,gjs,gts,haml,handlebars,hbs,heex,html,jade,js,jsx,liquid,md,mdx,mjs,mts,mustache,njk,nunjucks,php,pug,py,razor,rb,resolved,rhtml,rs,slim,svelte,tpl,ts,tsx,twig,vue}',
    '/Users/dakshpatil/Downloads/Site-Duplicator/node_modules/react/cjs/react-jsx-runtime.production.js',
    '/Users/dakshpatil/Downloads/Site-Duplicator/node_modules/react-dom/cjs/react-dom-client.production.js',
    '/Users/dakshpatil/Downloads/Site-Duplicator/node_modules/@tanstack/react-query/build/modern/index.js',
    '/Users/dakshpatil/Downloads/Site-Duplicator/node_modules/wouter/esm/index.js',
    '/Users/dakshpatil/Downloads/Site-Duplicator/node_modules/scheduler/index.js',
    '/Users/dakshpatil/Downloads/Site-Duplicator/node_modules/react-dom/index.js',
    '/Users/dakshpatil/Downloads/Site-Duplicator/node_modules/react/index.js',
    '/Users/dakshpatil/Downloads/Site-Duplicator/node_modules/@tanstack/react-query/build/modern/types.js',
    '/Users/dakshpatil/Downloads/Site-Duplicator/node_modules/@tanstack/react-query/build/modern/useSuspenseQuery.js',
    '/Users/dakshpatil/Downloads/Site-Duplicator/node_modules/@tanstack/react-query/build/modern/useQueries.js',
    '/Users/dakshpatil/Downloads/Site-Duplicator/node_modules/@tanstack/query-core/build/modern/index.js',
    '/Users/dakshpatil/Downloads/Site-Duplicator/node_modules/@tanstack/react-query/build/modern/usePrefetchInfiniteQuery.js',
    '/Users/dakshpatil/Downloads/Site-Duplicator/node_modules/@tanstack/react-query/build/modern/useSuspenseInfiniteQuery.js',
    '/Users/dakshpatil/Downloads/Site-Duplicator/node_modules/@tanstack/react-query/build/modern/queryOptions.js',
    '/Users/dakshpatil/Downloads/Site-Duplicator/node_modules/@tanstack/react-query/build/modern/usePrefetchQuery.js',
    ... 1029 more items
  ]
}
